```
section4.gc.Test1 一的结果
// GC  代表是Scavenge GC，Young GC
//  (Allocation Failure) 代表GC的原因
// PSYoungGen 年轻代 PS代表 Parallel Scavenge  
// 5822K->528K(9216K) 左侧代表gc执行之前占用空间的大小 右侧代表gc之后存活对象占用空间大小 9216K代表新生代总大小是9M，但是分配的是10M，这里的9只是被使用的Eden和一个Survivor
// 5822K->4632K(19456K) 左侧是整个堆gc前已使用大小，右侧表示gc后存活对象使用的大小 括号中(19456K)是整个堆的大小
// [Times: user=0.00 sys=0.00, real=0.00 secs] 用户空间使用 系统空间使用 真正使用
[GC (Allocation Failure) [PSYoungGen: 5822K->528K(9216K)] 5822K->4632K(19456K), 0.0047325 secs] [Times: user=0.00 sys=0.00, real=0.00 secs] 
hello world
Heap
// 垃圾回收具体信息
 PSYoungGen      total 9216K, used 3838K [0x00000007bf600000, 0x00000007c0000000, 0x00000007c0000000)
  eden space 8192K, 40% used [0x00000007bf600000,0x00000007bf93bb20,0x00000007bfe00000)
  from space 1024K, 51% used [0x00000007bfe00000,0x00000007bfe84010,0x00000007bff00000)
  to   space 1024K, 0% used [0x00000007bff00000,0x00000007bff00000,0x00000007c0000000)
 ParOldGen       total 10240K, used 4104K [0x00000007bec00000, 0x00000007bf600000, 0x00000007bf600000)
  object space 10240K, 40% used [0x00000007bec00000,0x00000007bf002020,0x00000007bf600000)
 Metaspace       used 3082K, capacity 4496K, committed 4864K, reserved 1056768K
  class space    used 339K, capacity 388K, committed 512K, reserved 1048576K
```